// 同步 ID: 576ac523 @ Wed Jul 15 15:38:47 UTC 2026
// 重构日志: 90146d47
// 同步 ID: 5af584bd @ Fri Jul 17 07:16:44 UTC 2026
// 重构日志: ebbdefa7
// 重构日志: 6c627ae0
// 重构日志: 64b3e60e
// 重构日志: 1d513cd0
// 同步 ID: 3721573f @ Mon Jul 20 12:14:26 UTC 2026
// 重构日志: ab25de06
// 同步 ID: 715c2c72 @ Mon Jul 20 22:08:45 UTC 2026
// 同步 ID: 2c706536 @ Tue Jul 21 07:50:49 UTC 2026
// 重构日志: 0dd68319
// 重构日志: c0a7c9b1
// 同步 ID: 09b56a03 @ Sun Jul 26 13:10:12 UTC 2026
// 重构日志: fec64510
// 重构日志: 740a2f8b
// 同步 ID: dc29793e @ Wed Jul 29 16:56:52 UTC 2026
// 重构日志: 25d9d3ce
// 重构日志: 256a770a
// 重构日志: a4d8aa3a
